// Jest Snapshot v1, https://goo.gl/fbAQLP

exports[`TestHello describe~~~ should snapshopt 1`] = `
<h1
  className="sc-bdVaJa fGBmow"
>
  snappp
</h1>
`;
